FFFFFF                                                                   [100%]
=================================== FAILURES ===================================
_______________ test_no_row_omits_a_universal_principal_channel ________________

records = {'PLAYER_COUNT_2P': {'action_cost_state': [], 'authority_provenance': {'common_manifest_fixture_id': 'PLAYER_COUNT_2P'..._UNSUPPORTED_PROVIDER_AND_NO_RUNTIME_CREDIT', 'provider_must_emit_normalized_constructed_state': True, ...}, ...}, ...}

    def test_no_row_omits_a_universal_principal_channel(records) -> None:
        """Re-omission control: every row requires the shared verifier's whole surface.
    
        The mandatory verifier scans prompt, context, option ids, labels, metadata,
        source, state, event, transcript and log for every HIDDEN row, so no row's
        required channels may lack the Forge channel carrying any of them, and each
        required channel that is absent or unaudited is listed, never dropped.
        """
        _, coverage = knowledge_projection.channel_documents([], "")
        assert set(fh.VERIFIER_CHANNELS) == set(coverage)
        assert set(knowledge_projection.REQUIRED_COVERAGE) <= set(fh.VERIFIER_CHANNELS)
        assert set(fh.VERIFIER_CHANNELS.values()) <= set(fh.CHANNELS_BY_NAME)
        assert set(fh.UNIVERSAL_PRINCIPAL_CHANNELS) == set(fh.VERIFIER_CHANNELS.values())
        assert set(fh.UNIVERSAL_PRINCIPAL_CHANNELS) == {
            "principal_scoped_state",
            "decision_frames",
            "event_log",
            "message_surface",
            "transport_diagnostics",
        }
        fresh = [
            fh.classify_row(records[fixture]).to_document()
            for fixture in sorted(knowledge_projection.ROWS)
        ]
>       assert _universal_omissions(fresh) == []
E       AssertionError: assert [('HIDDEN_01'...nt_log'), ...] == []
E         
E         Left contains 60 more items, first extra item: ('HIDDEN_01', 'decision_frames')
E         Use -v to get more diff

tests/qualification/test_forge_hidden_information.py:492: AssertionError
________ test_a_re_omitted_universal_channel_is_caught[decision_frames] ________

records = {'PLAYER_COUNT_2P': {'action_cost_state': [], 'authority_provenance': {'common_manifest_fixture_id': 'PLAYER_COUNT_2P'..._UNSUPPORTED_PROVIDER_AND_NO_RUNTIME_CREDIT', 'provider_must_emit_normalized_constructed_state': True, ...}, ...}, ...}
monkeypatch = <_pytest.monkeypatch.MonkeyPatch object at 0x7f5954b94b30>
dropped = 'decision_frames'

    @pytest.mark.parametrize("dropped", sorted(set(fh.VERIFIER_CHANNELS.values())))
    def test_a_re_omitted_universal_channel_is_caught(records, monkeypatch, dropped) -> None:
        """The control fails when any universal channel is dropped from the row surface."""
        monkeypatch.setattr(
            fh,
            "UNIVERSAL_PRINCIPAL_CHANNELS",
            tuple(name for name in fh.UNIVERSAL_PRINCIPAL_CHANNELS if name != dropped),
        )
        for kind in fh.OBSERVATION_REQUIREMENTS:
            monkeypatch.setitem(
                fh.OBSERVATION_REQUIREMENTS,
                kind,
                tuple(name for name in fh.OBSERVATION_REQUIREMENTS[kind] if name != dropped),
            )
        rows = [
            fh.classify_row(records[fixture]).to_document()
            for fixture in sorted(knowledge_projection.ROWS)
        ]
        omissions = _universal_omissions(rows)
>       assert {channel for _, channel in omissions} == {dropped}
E       AssertionError: assert {'decision_fr..._diagnostics'} == {'decision_frames'}
E         
E         Extra items in the left set:
E         'event_log'
E         'message_surface'
E         'transport_diagnostics'
E         Use -v to get more diff

tests/qualification/test_forge_hidden_information.py:532: AssertionError
___________ test_a_re_omitted_universal_channel_is_caught[event_log] ___________

records = {'PLAYER_COUNT_2P': {'action_cost_state': [], 'authority_provenance': {'common_manifest_fixture_id': 'PLAYER_COUNT_2P'..._UNSUPPORTED_PROVIDER_AND_NO_RUNTIME_CREDIT', 'provider_must_emit_normalized_constructed_state': True, ...}, ...}, ...}
monkeypatch = <_pytest.monkeypatch.MonkeyPatch object at 0x7f5954b961b0>
dropped = 'event_log'

    @pytest.mark.parametrize("dropped", sorted(set(fh.VERIFIER_CHANNELS.values())))
    def test_a_re_omitted_universal_channel_is_caught(records, monkeypatch, dropped) -> None:
        """The control fails when any universal channel is dropped from the row surface."""
        monkeypatch.setattr(
            fh,
            "UNIVERSAL_PRINCIPAL_CHANNELS",
            tuple(name for name in fh.UNIVERSAL_PRINCIPAL_CHANNELS if name != dropped),
        )
        for kind in fh.OBSERVATION_REQUIREMENTS:
            monkeypatch.setitem(
                fh.OBSERVATION_REQUIREMENTS,
                kind,
                tuple(name for name in fh.OBSERVATION_REQUIREMENTS[kind] if name != dropped),
            )
        rows = [
            fh.classify_row(records[fixture]).to_document()
            for fixture in sorted(knowledge_projection.ROWS)
        ]
        omissions = _universal_omissions(rows)
>       assert {channel for _, channel in omissions} == {dropped}
E       AssertionError: assert {'decision_fr..._diagnostics'} == {'event_log'}
E         
E         Extra items in the left set:
E         'decision_frames'
E         'message_surface'
E         'transport_diagnostics'
E         Use -v to get more diff

tests/qualification/test_forge_hidden_information.py:532: AssertionError
________ test_a_re_omitted_universal_channel_is_caught[message_surface] ________

records = {'PLAYER_COUNT_2P': {'action_cost_state': [], 'authority_provenance': {'common_manifest_fixture_id': 'PLAYER_COUNT_2P'..._UNSUPPORTED_PROVIDER_AND_NO_RUNTIME_CREDIT', 'provider_must_emit_normalized_constructed_state': True, ...}, ...}, ...}
monkeypatch = <_pytest.monkeypatch.MonkeyPatch object at 0x7f59547e5d60>
dropped = 'message_surface'

    @pytest.mark.parametrize("dropped", sorted(set(fh.VERIFIER_CHANNELS.values())))
    def test_a_re_omitted_universal_channel_is_caught(records, monkeypatch, dropped) -> None:
        """The control fails when any universal channel is dropped from the row surface."""
        monkeypatch.setattr(
            fh,
            "UNIVERSAL_PRINCIPAL_CHANNELS",
            tuple(name for name in fh.UNIVERSAL_PRINCIPAL_CHANNELS if name != dropped),
        )
        for kind in fh.OBSERVATION_REQUIREMENTS:
            monkeypatch.setitem(
                fh.OBSERVATION_REQUIREMENTS,
                kind,
                tuple(name for name in fh.OBSERVATION_REQUIREMENTS[kind] if name != dropped),
            )
        rows = [
            fh.classify_row(records[fixture]).to_document()
            for fixture in sorted(knowledge_projection.ROWS)
        ]
        omissions = _universal_omissions(rows)
>       assert {channel for _, channel in omissions} == {dropped}
E       AssertionError: assert {'decision_fr..._diagnostics'} == {'message_surface'}
E         
E         Extra items in the left set:
E         'event_log'
E         'decision_frames'
E         'transport_diagnostics'
E         Use -v to get more diff

tests/qualification/test_forge_hidden_information.py:532: AssertionError
____ test_a_re_omitted_universal_channel_is_caught[principal_scoped_state] _____

records = {'PLAYER_COUNT_2P': {'action_cost_state': [], 'authority_provenance': {'common_manifest_fixture_id': 'PLAYER_COUNT_2P'..._UNSUPPORTED_PROVIDER_AND_NO_RUNTIME_CREDIT', 'provider_must_emit_normalized_constructed_state': True, ...}, ...}, ...}
monkeypatch = <_pytest.monkeypatch.MonkeyPatch object at 0x7f59547e5850>
dropped = 'principal_scoped_state'

    @pytest.mark.parametrize("dropped", sorted(set(fh.VERIFIER_CHANNELS.values())))
    def test_a_re_omitted_universal_channel_is_caught(records, monkeypatch, dropped) -> None:
        """The control fails when any universal channel is dropped from the row surface."""
        monkeypatch.setattr(
            fh,
            "UNIVERSAL_PRINCIPAL_CHANNELS",
            tuple(name for name in fh.UNIVERSAL_PRINCIPAL_CHANNELS if name != dropped),
        )
        for kind in fh.OBSERVATION_REQUIREMENTS:
            monkeypatch.setitem(
                fh.OBSERVATION_REQUIREMENTS,
                kind,
                tuple(name for name in fh.OBSERVATION_REQUIREMENTS[kind] if name != dropped),
            )
        rows = [
            fh.classify_row(records[fixture]).to_document()
            for fixture in sorted(knowledge_projection.ROWS)
        ]
        omissions = _universal_omissions(rows)
>       assert {channel for _, channel in omissions} == {dropped}
E       AssertionError: assert {'decision_fr..._diagnostics'} == {'principal_scoped_state'}
E         
E         Extra items in the left set:
E         'event_log'
E         'decision_frames'
E         'message_surface'
E         'transport_diagnostics'
E         Extra items in the right set:
E         'principal_scoped_state'
E         Use -v to get more diff

tests/qualification/test_forge_hidden_information.py:532: AssertionError
_____ test_a_re_omitted_universal_channel_is_caught[transport_diagnostics] _____

records = {'PLAYER_COUNT_2P': {'action_cost_state': [], 'authority_provenance': {'common_manifest_fixture_id': 'PLAYER_COUNT_2P'..._UNSUPPORTED_PROVIDER_AND_NO_RUNTIME_CREDIT', 'provider_must_emit_normalized_constructed_state': True, ...}, ...}, ...}
monkeypatch = <_pytest.monkeypatch.MonkeyPatch object at 0x7f59547e4e90>
dropped = 'transport_diagnostics'

    @pytest.mark.parametrize("dropped", sorted(set(fh.VERIFIER_CHANNELS.values())))
    def test_a_re_omitted_universal_channel_is_caught(records, monkeypatch, dropped) -> None:
        """The control fails when any universal channel is dropped from the row surface."""
        monkeypatch.setattr(
            fh,
            "UNIVERSAL_PRINCIPAL_CHANNELS",
            tuple(name for name in fh.UNIVERSAL_PRINCIPAL_CHANNELS if name != dropped),
        )
        for kind in fh.OBSERVATION_REQUIREMENTS:
            monkeypatch.setitem(
                fh.OBSERVATION_REQUIREMENTS,
                kind,
                tuple(name for name in fh.OBSERVATION_REQUIREMENTS[kind] if name != dropped),
            )
        rows = [
            fh.classify_row(records[fixture]).to_document()
            for fixture in sorted(knowledge_projection.ROWS)
        ]
        omissions = _universal_omissions(rows)
>       assert {channel for _, channel in omissions} == {dropped}
E       AssertionError: assert {'decision_fr..._diagnostics'} == {'transport_diagnostics'}
E         
E         Extra items in the left set:
E         'decision_frames'
E         'message_surface'
E         'event_log'
E         Use -v to get more diff

tests/qualification/test_forge_hidden_information.py:532: AssertionError
=========================== short test summary info ============================
FAILED tests/qualification/test_forge_hidden_information.py::test_no_row_omits_a_universal_principal_channel
FAILED tests/qualification/test_forge_hidden_information.py::test_a_re_omitted_universal_channel_is_caught[decision_frames]
FAILED tests/qualification/test_forge_hidden_information.py::test_a_re_omitted_universal_channel_is_caught[event_log]
FAILED tests/qualification/test_forge_hidden_information.py::test_a_re_omitted_universal_channel_is_caught[message_surface]
FAILED tests/qualification/test_forge_hidden_information.py::test_a_re_omitted_universal_channel_is_caught[principal_scoped_state]
FAILED tests/qualification/test_forge_hidden_information.py::test_a_re_omitted_universal_channel_is_caught[transport_diagnostics]
6 failed, 65 deselected in 0.53s
